40x40
F F F P I H V Z D D J M G Y W B T E M V M Z M N F Z U T A M E S K Y C K D A H T 
X U P R V X P I W L Y Z D K N Q I Q B S F M B T S S S K J M G F C L F B W K P E 
U E H U C N N Y L Y S E W U V B Z F E V J Y U H F V W T T Z F O T B X B W X R O 
C J A K D G U Q U L I S C H A D E N F R E U D E U S F Z J J X R B D V U C Z X T 
J V I R Y P Z K X Z B W X V B U X R Z Y C A X L J Z P R A A X Y A D I L X H J S 
E R H Z X K M O L D M Q N D D M G C I X U I U A R B D K Q W K V O U Z L V J H L 
G K Y M E M N U U O D K P E W X Z W C I N F F G W K X A Z D E K B N F M L Z A Q 
F B M H A P Z T Z Z W F O P O R W W T C E U X Q B P K N S R D Q A O M E X M B A 
P S S Q R I S M D G U C S D F B Y S F K V O O R N M H H G O L B C G Y L J N Q H 
I P V D T R A S L A T I O N Q E R F I O P M K D F C P W A I Q U C T N A F P Q X 
L Y V W E J E B Q Z U N W Y I L F J X Y Y H C L O K F S L O I S I G M P Y Z U K 
C H I F T S J M A P M C P P Q V U I I P D J U U M C B S J L X P D N U L Z I X Z 
M E A N R O Y G U V S O D D I N F W R L V L A P D I P U U E B S J G Q F J Z A Y 
C A J S B K O X U V E R V Y F G C I H J R Y B H M Z V W R E M T J N T G A W C J 
V Y V S Q N P U P N M O M Q G J I U B Y P H V U N E V U D U J Y P W K I N Y H Z 
T B R C S I Z T J D N H N I X M U E J L G Y G L D N B B S K F C B C R C I A D Q 
M Z J A U W L Q N J E F E Z N A G M N N J Y Z S J I D U M F B P W X D C B L J R 
W M J Q N K I W H D W P R S Q X W H J G F J D E D S I U I G G M N V L K B Q J K 
D V L W H O U O Y O E I Z J N T C W X U L O T E V T E T M Y D M C B M L A F Q G 
R D H L F X I B C D X C J H U Y L D A J X S K I H S D C J O S H Z F N W E B O T 
Q O D W C Z N T X R C C G N L D S W H O N Z H T K U N U O S H J G L F B I N E V 
U J E P C V A G C B L S E J N P T Q Y N N G U B B J R N G F H N K O D F J G Z C 
L X V K O G K U E I W B S S L V I I H C X X Q D A Y M A V I T H O M A D S N M E 
L D J T L F U G G Q D S M T J B C H D S Z X R P Q N S R L U P H O D J P Y G S B 
E Z G R H Y E H E O Q M C A P Y I I W Z E Q A H X W S U R U A S E H T X V Y Q M 
O O I A U V R V R M P A C H Z Z U P X Y J J B I J P F S E C Q S S I M Z P W J Z 
C D W N Z E M I Z N Q D N X R S C O J X Z I B U T M Y W I V X P S N U F K P G Z 
E X I S L S Y R O Y Z G J I J H J N M A I K N Y I J O H R W D N B W L Z W A H E 
C G Q L Q W E F A V Q C X B A R B O H F A L D Q W U M J I D B Y Q C L I N G M Q 
Q T H A O B F T D N B D Q J Z A O V T A R K F Z L P P W B J R F R Q E P D Z L O 
F M Q T V K P O E S E C J N A E G W A P N Z T Q N C E D M X B O Y V B L M M S Q 
Z Y V I O L J D H O X C Q X S Q K E O N B H O O K S O T Y Y P X T S A H D R P X 
U N U O R C J A A M X A T A J G R F M Y V J K U N J W B Q D K A Z E R J K Y B Y 
Y F V N E K P U B A T Y E N Z C N Q B S D D Q D Z H U C U X F F K S A O W B Z G 
E S X U S A H F V M X Y O S C P D C N N P Z V Q I X O C S N W L M F P B M F H N 
D D N M V R G A B F J W G L V L G I K K G E H D K K P F U E N T W E R V Z V W R 
A A K J H M Z P E B L M O J O J X D H F Y B Z H Z E L H M N G A I A H J X Z C F 
P F Y A E U K Y Q Y Z W S Q I V S I C H H E M V V A F D Q B M Y B B R D B E Z V 
L S W D P F D X U I B T I E D D T G G P J V F B K P B D E P X W T N A C S X J U 
S W R P U D W S H W O W G S S H U K E S J H H X J T T T H K X O X D M H O F O Q 
SCHADENFREUDE
TRANSLATION
DICTIONARY
ENGLISH
THESAURUS
PARABELLUM
SCAN

lookVerticallyForward
TRANSLATION
FXUCJEGFPILCMCVTMWDRQULLEOCECQFZUYEDAPLS
TRANSLATION
FUEJVRKBSPYHEAYBZMVDOJXDZODXGTMYNFSDAFSW
TRANSLATION
FPHAIHYMSVVIAJVRJJLHDEVJGIWIQHQVUVXNKYWR
TRANSLATION
PRUKRZMHQDWFNSSCAQWLWPKTRANSLATIONUMJADP
TRANSLATION
IVCDYXEARTETRBQSUNHFCCOLHUZLQOVORESVHEPU
TRANSLATION
HXNGPKMPIRJSOKNIWKOXZVGFYVESWBKLCKARMUFD
TRANSLATION
VPNUZMNZSAEJYOPZLIUINAKUERMYEFPJJPHGZKDW
TRANSLATION
ZIYQKOUTMSBMGXUTQWOBTGUGHVIRFTODAUFAPYXS
TRANSLATION
DWLUXLUZDLQAUUPJNHYCXCEGERZOADEHABVBEQUH
TRANSLATION
DLYLZDOZGAZPVVNDJDODRBIQOMNYVNSOMAMFBYIW
TRANSLATION
JYSIBMDWUTUMSEMNEWEXCLWDQPQZQBEXXTXJLZBO
TRANSLATION
MZESWQKFCINCOROHFPICCSBSMADGCDCCAYYWMWTW
TRANSLATION
GDWCXNPOSOWPDVMNERZJGESMCCNJXQJQTEOGOSIG
TRANSLATION
YKUHVDEPDNYPDYQIZSJHNJSTAHXIBJNXANSLJQES
TRANSLATION
WNVABDWOFQIQIFGXNQNULNLJPZRJAZASJZCVOIDS
TRANSLATION
BQBDUMXRBELVNGJMAXTYDPVBYZSHRAEQGCPLJVDH
TRANSLATION
TIZEXGZWYRFUFCIUGWCLSTICIUCJBOGKRNDGXSTU
TRANSLATION
EQFNRCWWSFJIWIUEMHWDWQIHIPONOVWEFQCIDIGK
TRANSLATION
MBEFZICTFIXIRHBJNJXAHYHDWXJMHTAOMBNKHCGE
TRANSLATION
VSVRYXICKOYPLJYLNGUJONCSZYXAFAPNYSNKFHPS
TRANSLATION
MFJECUNEVPYDVRPGJFLXNNXZEJZIARNBVDPGYHJJ
TRANSLATION
ZMYUAIFUOMHJLYHYYJOSZGXXQJIKLKZHJDZEBEVH
TRANSLATION
MBUDXUFXOKCUABVGZDTKHUQRABBNDFTOKQVHZMFH
TRANSLATION
NTHELAGQRDLUPHULSEEITBDPHIUYQZQOUDQDHVBX
TRANSLATION
FSFUJRWBNFOMDMNDJDVHKBAQXJTIWLNKNZIKZVKJ
TRANSLATION
ZSVSZBKPMCKCIZENISTSUJYNWPMJUPCSJHXKEAPT
TRANSLATION
USWFPDXKHPFBPVVBDIEDNRMSSFYOMPEOWUOPLFBT
TRANSLATION
TKTZRKANHWSSUWUBUUTCUNARUSWHJWDTBCCFHDDT
TRANSLATION
AJTJAQZSGALJURDSMIMJOGVLREIRIBMYQUSUMQEH
TRANSLATION
MMZJAWDROIOLEEUKFGYOSFIUUCVWDJXYDXNENBPK
TRANSLATION
EGFXXKEDLQIXBMJFBGDSHHTPAQXDBRBPKFWNGMXX
TRANSLATION
SFORYVKQBUSPSTYCPMMHJNHHSSPNYFOXAFLTAYWO
TRANSLATION
KCTBAOBACCIDJJPBWNCZGKOOESSBQRYTZKMWIBTX
TRANSLATION
YLBDDUNOGTGNGNWCXVBFLOMDHINWCQVSESFEABND
TRANSLATION
CFXVIZFMYNMUQTKRDLMNFDAJTMULLEBARAPRHRAM
TRANSLATION
KBBULLMELAPLFGICCKLWBFDPXZFZIPLHJOBVJDCH
TRANSLATION
DWWCXVLXJFYZJANIBBAEIJSYVPKWNDMDKWMZXBSO
TRANSLATION
AKXZHJZMNPZIZWYALQFBNGNGYWPAGZMRYBFVZEXF
TRANSLATION
HPRXJHABQQUXACHDJJQOEZMSQJGHMLSPBZHWCZJO
TRANSLATION
TEOTSLQAHXKZYJZQRKGTVCEBMZZEQOQXYGNRFVUQ
lookVerticallyForward
DICTIONARY
FXUCJEGFPILCMCVTMWDRQULLEOCECQFZUYEDAPLS
DICTIONARY
FUEJVRKBSPYHEAYBZMVDOJXDZODXGTMYNFSDAFSW
DICTIONARY
FPHAIHYMSVVIAJVRJJLHDEVJGIWIQHQVUVXNKYWR
DICTIONARY
PRUKRZMHQDWFNSSCAQWLWPKTRANSLATIONUMJADP
DICTIONARY
IVCDYXEARTETRBQSUNHFCCOLHUZLQOVORESVHEPU
DICTIONARY
HXNGPKMPIRJSOKNIWKOXZVGFYVESWBKLCKARMUFD
DICTIONARY
VPNUZMNZSAEJYOPZLIUINAKUERMYEFPJJPHGZKDW
DICTIONARY
ZIYQKOUTMSBMGXUTQWOBTGUGHVIRFTODAUFAPYXS
DICTIONARY
DWLUXLUZDLQAUUPJNHYCXCEGERZOADEHABVBEQUH
DICTIONARY
DLYLZDOZGAZPVVNDJDODRBIQOMNYVNSOMAMFBYIW
DICTIONARY
JYSIBMDWUTUMSEMNEWEXCLWDQPQZQBEXXTXJLZBO
DICTIONARY
MZESWQKFCINCOROHFPICCSBSMADGCDCCAYYWMWTW
DICTIONARY
GDWCXNPOSOWPDVMNERZJGESMCCNJXQJQTEOGOSIG
DICTIONARY
YKUHVDEPDNYPDYQIZSJHNJSTAHXIBJNXANSLJQES
DICTIONARY
WNVABDWOFQIQIFGXNQNULNLJPZRJAZASJZCVOIDS
DICTIONARY
BQBDUMXRBELVNGJMAXTYDPVBYZSHRAEQGCPLJVDH
DICTIONARY
TIZEXGZWYRFUFCIUGWCLSTICIUCJBOGKRNDGXSTU
DICTIONARY
EQFNRCWWSFJIWIUEMHWDWQIHIPONOVWEFQCIDIGK
DICTIONARY
MBEFZICTFIXIRHBJNJXAHYHDWXJMHTAOMBNKHCGE
DICTIONARY
VSVRYXICKOYPLJYLNGUJONCSZYXAFAPNYSNKFHPS
DICTIONARY
MFJECUNEVPYDVRPGJFLXNNXZEJZIARNBVDPGYHJJ
DICTIONARY
ZMYUAIFUOMHJLYHYYJOSZGXXQJIKLKZHJDZEBEVH
DICTIONARY
MBUDXUFXOKCUABVGZDTKHUQRABBNDFTOKQVHZMFH
DICTIONARY
NTHELAGQRDLUPHULSEEITBDPHIUYQZQOUDQDHVBX
DICTIONARY
FSFUJRWBNFOMDMNDJDVHKBAQXJTIWLNKNZIKZVKJ
DICTIONARY
ZSVSZBKPMCKCIZENISTSUJYNWPMJUPCSJHXKEAPT
DICTIONARY
USWFPDXKHPFBPVVBDIEDNRMSSFYOMPEOWUOPLFBT
DICTIONARY
TKTZRKANHWSSUWUBUUTCUNARUSWHJWDTBCCFHDDT
DICTIONARY
AJTJAQZSGALJURDSMIMJOGVLREIRIBMYQUSUMQEH
DICTIONARY
MMZJAWDROIOLEEUKFGYOSFIUUCVWDJXYDXNENBPK
DICTIONARY
EGFXXKEDLQIXBMJFBGDSHHTPAQXDBRBPKFWNGMXX
DICTIONARY
SFORYVKQBUSPSTYCPMMHJNHHSSPNYFOXAFLTAYWO
DICTIONARY
KCTBAOBACCIDJJPBWNCZGKOOESSBQRYTZKMWIBTX
DICTIONARY
YLBDDUNOGTGNGNWCXVBFLOMDHINWCQVSESFEABND
DICTIONARY
CFXVIZFMYNMUQTKRDLMNFDAJTMULLEBARAPRHRAM
DICTIONARY
KBBULLMELAPLFGICCKLWBFDPXZFZIPLHJOBVJDCH
DICTIONARY
DWWCXVLXJFYZJANIBBAEIJSYVPKWNDMDKWMZXBSO
DICTIONARY
AKXZHJZMNPZIZWYALQFBNGNGYWPAGZMRYBFVZEXF
DICTIONARY
HPRXJHABQQUXACHDJJQOEZMSQJGHMLSPBZHWCZJO
DICTIONARY
TEOTSLQAHXKZYJZQRKGTVCEBMZZEQOQXYGNRFVUQ
lookDiagonallyForward
first char o word D
lookDiagonallyBackward
lookVerticallyForward
ENGLISH
FXUCJEGFPILCMCVTMWDRQULLEOCECQFZUYEDAPLS
ENGLISH
FUEJVRKBSPYHEAYBZMVDOJXDZODXGTMYNFSDAFSW
ENGLISH
FPHAIHYMSVVIAJVRJJLHDEVJGIWIQHQVUVXNKYWR
ENGLISH
PRUKRZMHQDWFNSSCAQWLWPKTRANSLATIONUMJADP
ENGLISH
IVCDYXEARTETRBQSUNHFCCOLHUZLQOVORESVHEPU
ENGLISH
HXNGPKMPIRJSOKNIWKOXZVGFYVESWBKLCKARMUFD
ENGLISH
VPNUZMNZSAEJYOPZLIUINAKUERMYEFPJJPHGZKDW
ENGLISH
ZIYQKOUTMSBMGXUTQWOBTGUGHVIRFTODAUFAPYXS
ENGLISH
DWLUXLUZDLQAUUPJNHYCXCEGERZOADEHABVBEQUH
ENGLISH
DLYLZDOZGAZPVVNDJDODRBIQOMNYVNSOMAMFBYIW
ENGLISH
JYSIBMDWUTUMSEMNEWEXCLWDQPQZQBEXXTXJLZBO
ENGLISH
MZESWQKFCINCOROHFPICCSBSMADGCDCCAYYWMWTW
ENGLISH
GDWCXNPOSOWPDVMNERZJGESMCCNJXQJQTEOGOSIG
ENGLISH
YKUHVDEPDNYPDYQIZSJHNJSTAHXIBJNXANSLJQES
ENGLISH
WNVABDWOFQIQIFGXNQNULNLJPZRJAZASJZCVOIDS
ENGLISH
BQBDUMXRBELVNGJMAXTYDPVBYZSHRAEQGCPLJVDH
ENGLISH
TIZEXGZWYRFUFCIUGWCLSTICIUCJBOGKRNDGXSTU
ENGLISH
EQFNRCWWSFJIWIUEMHWDWQIHIPONOVWEFQCIDIGK
ENGLISH
MBEFZICTFIXIRHBJNJXAHYHDWXJMHTAOMBNKHCGE
ENGLISH
VSVRYXICKOYPLJYLNGUJONCSZYXAFAPNYSNKFHPS
ENGLISH
MFJECUNEVPYDVRPGJFLXNNXZEJZIARNBVDPGYHJJ
ENGLISH
ZMYUAIFUOMHJLYHYYJOSZGXXQJIKLKZHJDZEBEVH
ENGLISH
MBUDXUFXOKCUABVGZDTKHUQRABBNDFTOKQVHZMFH
ENGLISH
NTHELAGQRDLUPHULSEEITBDPHIUYQZQOUDQDHVBX
ENGLISH
FSFUJRWBNFOMDMNDJDVHKBAQXJTIWLNKNZIKZVKJ
ENGLISH
ZSVSZBKPMCKCIZENISTSUJYNWPMJUPCSJHXKEAPT
ENGLISH
USWFPDXKHPFBPVVBDIEDNRMSSFYOMPEOWUOPLFBT
ENGLISH
TKTZRKANHWSSUWUBUUTCUNARUSWHJWDTBCCFHDDT
ENGLISH
AJTJAQZSGALJURDSMIMJOGVLREIRIBMYQUSUMQEH
ENGLISH
MMZJAWDROIOLEEUKFGYOSFIUUCVWDJXYDXNENBPK
ENGLISH
EGFXXKEDLQIXBMJFBGDSHHTPAQXDBRBPKFWNGMXX
ENGLISH
SFORYVKQBUSPSTYCPMMHJNHHSSPNYFOXAFLTAYWO
ENGLISH
KCTBAOBACCIDJJPBWNCZGKOOESSBQRYTZKMWIBTX
ENGLISH
YLBDDUNOGTGNGNWCXVBFLOMDHINWCQVSESFEABND
ENGLISH
CFXVIZFMYNMUQTKRDLMNFDAJTMULLEBARAPRHRAM
ENGLISH
KBBULLMELAPLFGICCKLWBFDPXZFZIPLHJOBVJDCH
ENGLISH
DWWCXVLXJFYZJANIBBAEIJSYVPKWNDMDKWMZXBSO
ENGLISH
AKXZHJZMNPZIZWYALQFBNGNGYWPAGZMRYBFVZEXF
ENGLISH
HPRXJHABQQUXACHDJJQOEZMSQJGHMLSPBZHWCZJO
ENGLISH
TEOTSLQAHXKZYJZQRKGTVCEBMZZEQOQXYGNRFVUQ
lookDiagonallyForward
first char o word E
lookDiagonallyBackward
lookVerticallyForward
PARABELLUM
FXUCJEGFPILCMCVTMWDRQULLEOCECQFZUYEDAPLS
PARABELLUM
FUEJVRKBSPYHEAYBZMVDOJXDZODXGTMYNFSDAFSW
PARABELLUM
FPHAIHYMSVVIAJVRJJLHDEVJGIWIQHQVUVXNKYWR
PARABELLUM
PRUKRZMHQDWFNSSCAQWLWPKTRANSLATIONUMJADP
PARABELLUM
IVCDYXEARTETRBQSUNHFCCOLHUZLQOVORESVHEPU
PARABELLUM
HXNGPKMPIRJSOKNIWKOXZVGFYVESWBKLCKARMUFD
PARABELLUM
VPNUZMNZSAEJYOPZLIUINAKUERMYEFPJJPHGZKDW
PARABELLUM
ZIYQKOUTMSBMGXUTQWOBTGUGHVIRFTODAUFAPYXS
PARABELLUM
DWLUXLUZDLQAUUPJNHYCXCEGERZOADEHABVBEQUH
PARABELLUM
DLYLZDOZGAZPVVNDJDODRBIQOMNYVNSOMAMFBYIW
PARABELLUM
JYSIBMDWUTUMSEMNEWEXCLWDQPQZQBEXXTXJLZBO
PARABELLUM
MZESWQKFCINCOROHFPICCSBSMADGCDCCAYYWMWTW
PARABELLUM
GDWCXNPOSOWPDVMNERZJGESMCCNJXQJQTEOGOSIG
PARABELLUM
YKUHVDEPDNYPDYQIZSJHNJSTAHXIBJNXANSLJQES
PARABELLUM
WNVABDWOFQIQIFGXNQNULNLJPZRJAZASJZCVOIDS
PARABELLUM
BQBDUMXRBELVNGJMAXTYDPVBYZSHRAEQGCPLJVDH
PARABELLUM
TIZEXGZWYRFUFCIUGWCLSTICIUCJBOGKRNDGXSTU
PARABELLUM
EQFNRCWWSFJIWIUEMHWDWQIHIPONOVWEFQCIDIGK
PARABELLUM
MBEFZICTFIXIRHBJNJXAHYHDWXJMHTAOMBNKHCGE
PARABELLUM
VSVRYXICKOYPLJYLNGUJONCSZYXAFAPNYSNKFHPS
PARABELLUM
MFJECUNEVPYDVRPGJFLXNNXZEJZIARNBVDPGYHJJ
PARABELLUM
ZMYUAIFUOMHJLYHYYJOSZGXXQJIKLKZHJDZEBEVH
PARABELLUM
MBUDXUFXOKCUABVGZDTKHUQRABBNDFTOKQVHZMFH
PARABELLUM
NTHELAGQRDLUPHULSEEITBDPHIUYQZQOUDQDHVBX
PARABELLUM
FSFUJRWBNFOMDMNDJDVHKBAQXJTIWLNKNZIKZVKJ
PARABELLUM
ZSVSZBKPMCKCIZENISTSUJYNWPMJUPCSJHXKEAPT
PARABELLUM
USWFPDXKHPFBPVVBDIEDNRMSSFYOMPEOWUOPLFBT
PARABELLUM
TKTZRKANHWSSUWUBUUTCUNARUSWHJWDTBCCFHDDT
PARABELLUM
AJTJAQZSGALJURDSMIMJOGVLREIRIBMYQUSUMQEH
PARABELLUM
MMZJAWDROIOLEEUKFGYOSFIUUCVWDJXYDXNENBPK
PARABELLUM
EGFXXKEDLQIXBMJFBGDSHHTPAQXDBRBPKFWNGMXX
PARABELLUM
SFORYVKQBUSPSTYCPMMHJNHHSSPNYFOXAFLTAYWO
PARABELLUM
KCTBAOBACCIDJJPBWNCZGKOOESSBQRYTZKMWIBTX
PARABELLUM
YLBDDUNOGTGNGNWCXVBFLOMDHINWCQVSESFEABND
PARABELLUM
CFXVIZFMYNMUQTKRDLMNFDAJTMULLEBARAPRHRAM
PARABELLUM
KBBULLMELAPLFGICCKLWBFDPXZFZIPLHJOBVJDCH
PARABELLUM
DWWCXVLXJFYZJANIBBAEIJSYVPKWNDMDKWMZXBSO
PARABELLUM
AKXZHJZMNPZIZWYALQFBNGNGYWPAGZMRYBFVZEXF
PARABELLUM
HPRXJHABQQUXACHDJJQOEZMSQJGHMLSPBZHWCZJO
PARABELLUM
TEOTSLQAHXKZYJZQRKGTVCEBMZZEQOQXYGNRFVUQ
lookDiagonallyForward
first char o word P
lookDiagonallyBackward
OUTPUT
SCHADENFREUDE  3:11 3:24 horizontal forward
TRANSLATION not set
DICTIONARY not set
ENGLISH not set
THESAURUS  24:34 24:26 horizontal reverse
PARABELLUM not set
SCAN  38:36 38:33 horizontal reverse
